[www.horsefarmtours.com/index.html]
[backblue.gif]
[fade.gif]
[index.html]
[images.squarespace-cdn.com/content/578ebc8c9de4bb0982dc4e81/1469041448112-YI3UG7E2OK57839WJRYG/Logo5d45.png]
[assets.squarespace.com/@sqs/polyfiller/1.6/legacy.js]
[use.typekit.net/ik/0Yw5R2JBmrdnM8At44RUhJsSPW1FL0GAvWvJWisURv6feGM2fFHN4UJLFRbh52jhWD9a5emKjDyR5As8Fe4Kw2qtwcsRFe9tws7AMPG0-eNkShmcjW4lieNuS1w0SaBujW48Sagyjh90jhNlOeyzS1F8ZcBkdWsziW4DOc]
[assets.squarespace.com/universal/scripts-compressed/extract-css-runtime-c08a8a031ac872a6-min.en-US.js]
[assets.squarespace.com/universal/scripts-compressed/cldr-resource-pack-89ecbda94ef71fea-min.en-US.js]
[assets.squarespace.com/@sqs/polyfiller/1.6/modern.js]
[assets.squarespace.com/universal/scripts-compressed/extract-css-moment-js-vendor-b60fc53b12f6d6c5-min.en-US.js]
[assets.squarespace.com/universal/scripts-compressed/performance-5c36eab9b8d6206e-min.en-US.js]
[static1.squarespace.com/static/sitecss/578ebc8c9de4bb0982dc4e81/73/50521cf884aeb45fa5cfdb80/578ebc8c9de4bb0982dc4e88/961/site.css]
[assets.squarespace.com/universal/scripts-compressed/common-vendors-stable-51880dc0d7a0158c-min.en-US.js]
[cdn.nicejob.co/js/sdk.min0cb3.js]
[www.horsefarmtours.com/public-tours.html]
[www.horsefarmtours.com/tour-information.html]
[static1.squarespace.com/static/ta/5052176b84aeb45fa5cfcc83/961/scripts/site-bundle.js]
[www.horsefarmtours.com/guides.html]
[www.horsefarmtours.com/gallery.html]
[www.horsefarmtours.com/visiting-lexington.html]
[www.horsefarmtours.com/reviews.html]
[www.horsefarmtours.com/contact.html]
[www.horsefarmtours.com/book.html]
[images.squarespace-cdn.com/content/v1/578ebc8c9de4bb0982dc4e81/1469041448112-YI3UG7E2OK57839WJRYG/Logo26f7.png]
[images.squarespace-cdn.com/content/v1/578ebc8c9de4bb0982dc4e81/1469469717640-4W19PRFPOCGLCV83PK1O/image-asset.jpg]
[www.tripadvisor.com/img/cdsi/img2/branding/150_logo-11900-2.png]
[www.tripadvisor.com/img/cdsi/img2/awards/CoE2016_WidgetAsset-14348-2.png]
[images.squarespace-cdn.com/content/v1/578ebc8c9de4bb0982dc4e81/1469461279406-JNFQW10FTV2GA5GP17GM/image-asset.jpg]
[assets.squarespace.com/universal/scripts-compressed/common-vendors-65043f940a80dab7-min.en-US.js]
[www.horsefarmtours.com/testimonials/2016/8/3/impressed.html]
[www.horsefarmtours.com/testimonials/2016/8/3/fantastic-tour.html]
[www.horsefarmtours.com/testimonials/2016/8/3/unforgettable-experience.html]
[www.horsefarmtours.com/testimonials/2016/8/3/informative-and-entertaining.html]
[www.horsefarmtours.com/testimonials/2016/8/3/up-close-and-personal.html]
[www.horsefarmtours.com/index.html]
[www.horsefarmtours.com/testimonials/2016/8/3/memorable.html]
[www.horsefarmtours.com/testimonials/2016/8/3/great-experience.html]
[assets.squarespace.com/universal/scripts-compressed/common-4e1c86549288f826-min.en-US.js]
[assets.squarespace.com/universal/images-v6/damask/error-dark.png]
[assets.squarespace.com/universal/images-v6/damask/error-dark@2x.png]
[assets.squarespace.com/universal/images-v6/damask/play-button.png]
[assets.squarespace.com/universal/images-v6/damask/play-button@2x.png]
[assets.squarespace.com/universal/images-v6/damask/edit-aviary-light.png]
[assets.squarespace.com/universal/images-v6/damask/edit-aviary-light@2x.png]
[assets.squarespace.com/universal/images-v6/damask/edit-info-light.png]
[assets.squarespace.com/universal/images-v6/damask/edit-info-light@2x.png]
[assets.squarespace.com/universal/images-v6/damask/trash-9-light.png]
[assets.squarespace.com/universal/images-v6/damask/trash-9-light@2x.png]
[assets.squarespace.com/universal/images-v6/damask/trash-9-red.png]
[assets.squarespace.com/universal/images-v6/damask/trash-9-red@2x.png]
[assets.squarespace.com/universal/images-v6/damask/getty-16-light.png]
[assets.squarespace.com/universal/images-v6/damask/getty-32-light.png]
[assets.squarespace.com/universal/images-v6/damask/shopping-cart-16-light.png]
[assets.squarespace.com/universal/images-v6/damask/shopping-cart-32-light.png]
[assets.squarespace.com/universal/images-v6/icons/block-indicator-dark.png]
[assets.squarespace.com/universal/images-v6/icons/block-indicator-dark@2x.png]
[assets.squarespace.com/universal/images-v6/icons/opentable-icons.png]
[assets.squarespace.com/universal/images-v6/icons/icon-searchqueries-20-dark.png]
[assets.squarespace.com/universal/images-v6/icons/icon-searchqueries-20-light.png]
[assets.squarespace.com/universal/images-v6/icons/icon-video-24-light-solid.png]
[assets.squarespace.com/universal/images-v6/damask/image-inside-64-dark.png]
[assets.squarespace.com/universal/images-v6/damask/image-inside-128-dark.png]
[assets.squarespace.com/universal/images-v6/standard/icon_close_7_light.png]
[assets.squarespace.com/universal/images-v6/icons/icon-settings-16-light.png]
[static1.squarespace.com/static/sitecss/578ebc8c9de4bb0982dc4e81/73/50521cf884aeb45fa5cfdb80/578ebc8c9de4bb0982dc4e88/961/site.css]
[assets.squarespace.com/universal/scripts-compressed/extract-css-runtime-f9b8400ed89d2a45-min.en-US.js]
[www.horsefarmtours.com/public-tours.html]
[assets.squarespace.com/universal/scripts-compressed/cldr-resource-pack-99b7f955a0ec4a32-min.en-US.js]
[www.horsefarmtours.com/book/index.html]
[images.squarespace-cdn.com/content/v1/578ebc8c9de4bb0982dc4e81/1490292000999-W2I4PP0V1YZ36LSAZZDM/image-asset.jpg]
[www.horsefarmtours.com/tour-information.html]
[assets.squarespace.com/universal/scripts-compressed/extract-css-runtime-ac7a76346b24b1d9-min.en-US.js]
[assets.squarespace.com/universal/scripts-compressed/cldr-resource-pack-8f39693a93bf402d-min.en-US.js]
[assets.squarespace.com/universal/scripts-compressed/common-vendors-000883753df68ee3-min.en-US.js]
[assets.squarespace.com/universal/scripts-compressed/common-vendors-a91c561d0d8ddea5-min.en-US.js]
[images.squarespace-cdn.com/content/v1/578ebc8c9de4bb0982dc4e81/1470756050468-MXX88J65OLGN1RHUNXJA/image-asset.png]
[assets.squarespace.com/universal/scripts-compressed/common-f2f01df024c97fb6-min.en-US.js]
[images.squarespace-cdn.com/content/v1/578ebc8c9de4bb0982dc4e81/1470756085844-OJPT1ZMC9CWMB879J3Z6/image-asset.png]
[images.squarespace-cdn.com/content/v1/578ebc8c9de4bb0982dc4e81/1524174177176-W9KW4TKX94AJL4OBA4E7/DSCF6040.jpg]
[www.horsefarmtours.com/guides.html]
[assets.squarespace.com/universal/scripts-compressed/extract-css-runtime-f1168047164f7cab-min.en-US.js]
[assets.squarespace.com/universal/scripts-compressed/cldr-resource-pack-061fbf9ed630d9b8-min.en-US.js]
[images.squarespace-cdn.com/content/v1/578ebc8c9de4bb0982dc4e81/1469038396421-ZRIKH629O58VNJW3MSU3/header.jpg]
[assets.squarespace.com/universal/scripts-compressed/common-45abc39c417ffba1-min.en-US.js]
[images.squarespace-cdn.com/content/v1/578ebc8c9de4bb0982dc4e81/1469040637646-FCZQYOZN64GSFGGQIOTN/beautiful-horse.jpg]
[images.squarespace-cdn.com/content/v1/578ebc8c9de4bb0982dc4e81/1470261297665-NCZX6XOEX8OKUJFPFN3M/DSCF5314.jpg]
[images.squarespace-cdn.com/content/v1/578ebc8c9de4bb0982dc4e81/1469040640794-R46FS1LVF98IQJ9Z7C0F/beautiful-house.jpg]
[images.squarespace-cdn.com/content/v1/578ebc8c9de4bb0982dc4e81/1469040638728-JH3UTN11AKLTTLFXZZT2/bridge.jpg]
[images.squarespace-cdn.com/content/v1/578ebc8c9de4bb0982dc4e81/1469040641679-UT3KXZD1KGWKM2UYZ0II/calumet-farm.jpg]
[images.squarespace-cdn.com/content/v1/578ebc8c9de4bb0982dc4e81/1469040643643-AJSOR8DWT70AD2DWCTZQ/foal-1.jpg]
[images.squarespace-cdn.com/content/v1/578ebc8c9de4bb0982dc4e81/1469040643939-PI1JS7CCTKTISHSO1X6P/foal-2.jpg]
[images.squarespace-cdn.com/content/v1/578ebc8c9de4bb0982dc4e81/1469040648278-2CVU7L9DIZYBK01Q09K9/garden-tables.jpg]
[images.squarespace-cdn.com/content/v1/578ebc8c9de4bb0982dc4e81/1469040646723-D5HVYVCZP77XLXJ9A2RW/horse-and-foal-1.jpg]
[images.squarespace-cdn.com/content/v1/578ebc8c9de4bb0982dc4e81/1469040663040-VM3AJ4VQ9EDW55EQK4VN/woman-up-close-2.jpg]
[images.squarespace-cdn.com/content/v1/578ebc8c9de4bb0982dc4e81/1470261297386-RWALWO5GUTE9K615U66G/DSCF5312.jpg]
[images.squarespace-cdn.com/content/v1/578ebc8c9de4bb0982dc4e81/1469040649080-7BQ4C3VMC91SZ6LN3DKU/horse-and-foal-2.jpg]
[images.squarespace-cdn.com/content/v1/578ebc8c9de4bb0982dc4e81/1469040651947-S7TJD2OOXZQ15ME9YKD9/horse-and-foal-3.jpg]
[images.squarespace-cdn.com/content/v1/578ebc8c9de4bb0982dc4e81/1469040693745-DKWYUNKZ5XTWKVZWUQLJ/horse-running-1.jpg]
[images.squarespace-cdn.com/content/v1/578ebc8c9de4bb0982dc4e81/1469040651702-2O5G7QR0ATU9VPJPK194/horse-and-foal-4.jpg]
[images.squarespace-cdn.com/content/v1/578ebc8c9de4bb0982dc4e81/1470261296055-ZJQ8UIRXQZ7M0ESJMHYT/DSCF5304.jpg]
[images.squarespace-cdn.com/content/v1/578ebc8c9de4bb0982dc4e81/1470261294518-DVK8D6CCN7K6ANMOUWEK/DSCF5299.jpg]
[images.squarespace-cdn.com/content/v1/578ebc8c9de4bb0982dc4e81/1469040654182-ZA8PII7DN6ZYKK4H7GJG/horse-running-2.jpg]
[images.squarespace-cdn.com/content/v1/578ebc8c9de4bb0982dc4e81/1469040655482-7SMO6F2NRKM4V2U2QQED/inside-fences.jpg]
[images.squarespace-cdn.com/content/v1/578ebc8c9de4bb0982dc4e81/1470261294401-81KMANQFC76IT8LNIYEA/DSCF5300.jpg]
[images.squarespace-cdn.com/content/v1/578ebc8c9de4bb0982dc4e81/1469040657084-QRTTMVJM97LJW01K82NS/jockey-statues.jpg]
[images.squarespace-cdn.com/content/v1/578ebc8c9de4bb0982dc4e81/1469040658613-DIG75IR99QQKW84ASI93/man-watching.jpg]
[images.squarespace-cdn.com/content/v1/578ebc8c9de4bb0982dc4e81/1469040659677-XG8AD6SVC541YWUFFT0G/up-close-1.jpg]
[images.squarespace-cdn.com/content/v1/578ebc8c9de4bb0982dc4e81/1470261292672-F219JI6GHP2EDF9D3PLL/DSCF5296.jpg]
[images.squarespace-cdn.com/content/v1/578ebc8c9de4bb0982dc4e81/1469040664026-308EGD5B8PLISC8ISYOD/working-farm.jpg]
[images.squarespace-cdn.com/content/v1/578ebc8c9de4bb0982dc4e81/1469461404964-UB60OTUS9X6DPCKPIUWM/DSC_2313.jpg]
[images.squarespace-cdn.com/content/v1/578ebc8c9de4bb0982dc4e81/1469461422477-03SCWA8QJTGZWPF116OQ/DSC_2955.jpg]
[images.squarespace-cdn.com/content/v1/578ebc8c9de4bb0982dc4e81/1469461439177-TP6TVTA0D42EP3VB21CG/DSC_6827.jpg]
[images.squarespace-cdn.com/content/v1/578ebc8c9de4bb0982dc4e81/1470261296250-0L4RTN88YPVDX935RIUG/DSCF5302.jpg]
[www.horsefarmtours.com/gallery.html]
[www.horsefarmtours.com/visiting-lexington.html]
[www.horsefarmtours.com/reviews.html]
[assets.squarespace.com/universal/scripts-compressed/performance-9bc3cf75fc7ca28e-min.en-US.js]
[assets.squarespace.com/universal/scripts-compressed/extract-css-runtime-80e7b9fbe71a94c4-min.en-US.js]
[assets.squarespace.com/universal/scripts-compressed/cldr-resource-pack-4148b0120cc5267c-min.en-US.js]
[www.horsefarmtours.com/contact.html]
[definitions.sqspcdn.com/website-component-definition/static-assets/website.components.map/fa91e918-3db0-42ce-840f-738a13fc8920_138/website.components.map.visitor.js]
[horse-farm-tours.checkfront.com/images/loader.gif]
[www.horsefarmtours.com/book.html]
[horse-farm-tours.checkfront.com/lib/interface--0.js]
[www.horsefarmtours.com/testimonialsa409]
[www.horsefarmtours.com/testimonialsef4c.html]
[www.horsefarmtours.com/testimonials/2016/8/3/impressed.html]
[www.horsefarmtours.com/testimonials/2016/8/3/fantastic-tour.html]
[www.horsefarmtours.com/testimonials/2016/8/3/unforgettable-experience.html]
[www.horsefarmtours.com/testimonials/2016/8/3/informative-and-entertaining.html]
[www.horsefarmtours.com/testimonials/2016/8/3/up-close-and-personal.html]
[www.horsefarmtours.com/testimonials/2016/8/3/memorable.html]
[assets.squarespace.com/universal/scripts-compressed/cldr-resource-pack-7120becb19550b1a-min.en-US.js]
[assets.squarespace.com/universal/scripts-compressed/extract-css-runtime-8536ca3e9b7c1c7a-min.en-US.js]
[assets.squarespace.com/universal/scripts-compressed/extract-css-runtime-ee4a0f5d19e7f81b-min.en-US.js]
[www.horsefarmtours.com/testimonials/2016/8/3/great-experience.html]
[www.horsefarmtours.com/book/index.html]
[assets.squarespace.com/universal/scripts-compressed/cldr-resource-pack-db970b7b963049cc-min.en-US.js]
[www.horsefarmtours.com/testimonialsef4c.html]
[www.horsefarmtours.com/testimonials.html]
[www.horsefarmtours.com/testimonials.html]
